// Jest Snapshot v1, https://goo.gl/fbAQLP

exports[`Should offer page render 1`] = `
<div
  className="page"
>
  <header
    className="header"
  >
    <div
      className="container"
    >
      <div
        className="header__wrapper"
      >
        <div
          className="header__left"
        >
          <a
            className="header__logo-link"
            href="/"
            onClick={[Function]}
          >
            <img
              alt="6 cities logo"
              className="header__logo"
              height="41"
              src="img/logo.svg"
              width="81"
            />
          </a>
        </div>
        <UserNav />
      </div>
    </div>
  </header>
  <main
    className="page__main page__main--property"
  >
    <section
      className="property"
    >
      <div
        className="property__gallery-container container"
      >
        <div
          className="property__gallery"
        />
      </div>
      <div
        className="property__container container"
      >
        <div
          className="property__wrapper"
        >
          <div
            className="property__mark"
          >
            <span>
              Premium
            </span>
          </div>
          <div
            className="property__name-wrapper"
          >
            <h1
              className="property__name"
            >
              
            </h1>
            <button
              className="property__bookmark-button button property__bookmark-button--active"
              onClick={[Function]}
              type="button"
            >
              <svg
                className="property__bookmark-icon"
                height={33}
                width={31}
              >
                <use
                  xlinkHref="#icon-bookmark"
                />
              </svg>
              <span
                className="visually-hidden"
              >
                To bookmarks
              </span>
            </button>
          </div>
          <div
            className="property__rating rating"
          >
            <div
              className="property__stars rating__stars"
            >
              <span
                style={
                  Object {
                    "width": "0%",
                  }
                }
              />
              <span
                className="visually-hidden"
              >
                Rating
              </span>
            </div>
            <span
              className="property__rating-value rating__value"
            >
              0
            </span>
          </div>
          <ul
            className="property__features"
          >
            <li
              className="property__feature property__feature--entire"
            >
              
            </li>
            <li
              className="property__feature property__feature--bedrooms"
            >
              0
               Bedrooms
            </li>
            <li
              className="property__feature property__feature--adults"
            >
              Max 
              0
               adults
            </li>
          </ul>
          <div
            className="property__price"
          >
            <b
              className="property__price-value"
            >
              €
              0
            </b>
            <span
              className="property__price-text"
            >
               night
            </span>
          </div>
          <div
            className="property__inside"
          >
            <h2
              className="property__inside-title"
            >
              What's inside
            </h2>
            <ul
              className="property__inside-list"
            />
          </div>
          <div
            className="property__host"
          >
            <h2
              className="property__host-title"
            >
              Meet the host
            </h2>
            <div
              className="property__host-user user"
            >
              <div
                className="property__avatar-wrapper user__avatar-wrapper property__avatar-wrapper--pro"
              >
                <img
                  alt="Host avatar"
                  className="property__avatar user__avatar"
                  height="74"
                  src=""
                  width="74"
                />
              </div>
              <span
                className="property__user-name"
              >
                
              </span>
            </div>
            <div
              className="property__description"
            >
              <p
                className="property__text"
              >
                Hello, mello, shmello
              </p>
            </div>
          </div>
          <section
            className="property__reviews reviews"
          >
            <h2
              className="reviews__title"
            >
              Reviews · 
              <span
                className="reviews__amount"
              >
                1
              </span>
            </h2>
            <ul
              className="reviews__list"
            >
              <li
                className="reviews__item"
              >
                <div
                  className="reviews__user user"
                >
                  <div
                    className="reviews__avatar-wrapper user__avatar-wrapper"
                  >
                    <img
                      alt="Reviews avatar"
                      className="reviews__avatar user__avatar"
                      height="54"
                      src=""
                      width="54"
                    />
                  </div>
                  <span
                    className="reviews__user-name"
                  >
                    
                  </span>
                </div>
                <div
                  className="reviews__info"
                >
                  <div
                    className="reviews__rating rating"
                  >
                    <div
                      className="reviews__stars rating__stars"
                    >
                      <span
                        style={
                          Object {
                            "width": "100%",
                          }
                        }
                      />
                      <span
                        className="visually-hidden"
                      >
                        Rating
                      </span>
                    </div>
                  </div>
                  <p
                    className="reviews__text"
                  >
                    
                  </p>
                  <time
                    className="reviews__time"
                    dateTime="2020-12-02T17:54:54.499Z"
                  >
                    December 2020
                  </time>
                </div>
              </li>
            </ul>
            <CommentForm
              id={0}
            />
          </section>
        </div>
      </div>
      <section
        className="property__map map"
      >
        <CityMap
          activeOffer={
            Object {
              "adults": 0,
              "bedrooms": 0,
              "city": Object {
                "name": "",
              },
              "cost": 0,
              "description": "Hello, mello, shmello",
              "goods": Array [],
              "host": Object {
                "avatarUrl": "",
                "id": 0,
                "isPro": true,
                "name": "",
              },
              "id": 0,
              "images": Array [],
              "isFavorite": true,
              "isPremium": true,
              "previewImg": "",
              "rate": 0,
              "title": "",
              "type": "",
            }
          }
          offers={
            Array [
              Object {
                "adults": 0,
                "bedrooms": 0,
                "city": Object {
                  "name": "",
                },
                "cost": 0,
                "description": "Hello, mello, shmello",
                "goods": Array [],
                "host": Object {
                  "avatarUrl": "",
                  "id": 0,
                  "isPro": true,
                  "name": "",
                },
                "id": 0,
                "images": Array [],
                "isFavorite": true,
                "isPremium": true,
                "previewImg": "",
                "rate": 0,
                "title": "",
                "type": "",
              },
            ]
          }
          styles={
            Object {
              "marginLeft": "auto",
              "marginRight": "auto",
              "width": "1144px",
            }
          }
          type="BIG"
        />
      </section>
    </section>
    <div
      className="container"
    >
      <section
        className="near-places places"
      >
        <h2
          className="near-places__title"
        >
          Other places in the neighbourhood
        </h2>
        <div
          className="near-places__list places__list"
        >
          <article
            className="near-places__card place-card"
            onMouseOver={[Function]}
          >
            <div
              className="place-card__mark"
            >
              <span>
                Premium
              </span>
            </div>
            <div
              className="near-places__image-wrapper place-card__image-wrapper"
            >
              <a
                href="/offer/0"
                onClick={[Function]}
              >
                <img
                  className="place-card__image"
                  height="200"
                  src=""
                  width="260"
                />
              </a>
            </div>
            <div
              className="place-card__info"
            >
              <div
                className="place-card__price-wrapper"
              >
                <div
                  className="place-card__price"
                >
                  <b
                    className="place-card__price-value"
                  >
                    €
                    0
                  </b>
                  <span
                    className="place-card__price-text"
                  >
                    / night
                  </span>
                </div>
                <button
                  className="place-card__bookmark-button button place-card__bookmark-button--active"
                  onClick={[Function]}
                  type="button"
                >
                  <svg
                    className="place-card__bookmark-icon"
                    height={19}
                    width={18}
                  >
                    <use
                      xlinkHref="#icon-bookmark"
                    />
                  </svg>
                  <span
                    className="visually-hidden"
                  >
                    To bookmarks
                  </span>
                </button>
              </div>
              <div
                className="place-card__rating rating"
              >
                <div
                  className="place-card__stars rating__stars"
                >
                  <span
                    style={
                      Object {
                        "width": "0%",
                      }
                    }
                  />
                  <span
                    className="visually-hidden"
                  >
                    Rating
                  </span>
                </div>
              </div>
              <h2
                className="place-card__name"
              >
                <a
                  href="/offer/0"
                  onClick={[Function]}
                >
                  
                </a>
              </h2>
              <p
                className="place-card__type"
              >
                
              </p>
            </div>
          </article>
        </div>
      </section>
    </div>
  </main>
</div>
`;
